exports[`The small screen top nav > hasn't changed on / #0`] = `
<div class="SmallScreenStyles_wrapper__LR5y0" data-cy="small-screen-header">
  <div class="SmallScreenStyles_header__OqeJp">
    <a class="SmallScreenStyles_logo__0B_yZ" href="/"
      ><span>Digital Public Library of America</span></a
    ><button
      type="button"
      data-cy="menu-button"
      aria-expanded="true"
      class="SmallScreenStyles_menuButton__dpJB5 SmallScreenStyles_isOpen__AMow_"
    >
      <span>Hide<br />Menu</span>
    </button>
  </div>
  <div
    class="SmallScreenStyles_menuContainer__6MCV1 SmallScreenStyles_isOpen__AMow_ utils_container__kFHcI"
    data-cy="navigation-user"
  >
    <ul class="SmallScreenStyles_links__T3jy8">
      <li>
        <a data-cy="browse-topics" href="/browse-by-topic">Browse by Topic</a>
      </li>
      <li>
        <a data-cy="browse-partners" href="/browse-by-partner"
          >Browse by Partner</a
        >
      </li>
      <li><a data-cy="exhibitions" href="/exhibitions">Exhibitions</a></li>
      <li>
        <a data-cy="primary-source-sets" href="/primary-source-sets"
          >Primary Source Sets</a
        >
      </li>
      <li><a data-cy="my-lists" href="/lists">My Lists</a></li>
    </ul>
    <span class="SmallScreenStyles_divider__3ltfo"></span>
    <ul
      class="SmallScreenStyles_links__T3jy8 SmallScreenStyles_secondaryLinks__DfMAa"
    >
      <li><a data-cy="about-dpla" href="/about">About DPLA</a></li>
      <li><a data-cy="news" href="/news">News</a></li>
    </ul>
    <span class="SmallScreenStyles_divider__3ltfo"></span>
    <ul
      class="SmallScreenStyles_links__T3jy8 SmallScreenStyles_tertiaryLinks__tL03a"
    >
      <li><a data-cy="dpla-pro" href="https://pro.dp.la">DPLA Pro</a></li>
    </ul>
  </div>
</div>
`;

exports[`The small screen top nav > on /, browse-topics navigates to /browse-by-topic #0`] = `
Browse by Topic | DPLA
`;

exports[`The small screen top nav > on /, browse-partners navigates to /browse-by-partner #0`] = `
Browse by Partner | DPLA
`;

exports[`The small screen top nav > on /, exhibitions navigates to /exhibitions #0`] = `
Exhibitions | DPLA
`;

exports[`The small screen top nav > on /, primary-source-sets navigates to /primary-source-sets #0`] = `
Primary Source Sets | DPLA
`;

exports[`The small screen top nav > on /, my-lists navigates to /lists #0`] = `
My Lists | DPLA
`;

exports[`The small screen top nav > on /, about-dpla navigates to /about #0`] = `
About Us | DPLA
`;

exports[`The small screen top nav > on /, news navigates to /news #0`] = `
News | DPLA
`;
