exports[`Exhibitions > home hasn't changed #0`] = `
<div data-cy="exhibitions-home">
  <div class="FeatureHeader_wrapper__1kxNy">
    <div class="utils_container__kFHcI FeatureHeader_content__KwrsO">
      <h1 class="  FeatureHeader_text__srQTH">Exhibitions</h1>
      <p class="FeatureHeader_description__8oTy9">
        Stories of national significance drawn from source materials in
        libraries, archives, and museums across the United States.
      </p>
    </div>
  </div>
  <div class="ExhibitionsList_wrapper__OfaxK utils_siteMaxWidth__RoKR0">
    <div class="ExhibitionsList_row___L6Zo">
      <ul class="ExhibitionsList_exhibitionList__Y2c2a">
        <li>
          <a
            class=" ExhibitionsList_exhibition__HFXHq"
            href="/exhibitions/erie-canal"
            ><img
              alt=""
              class="ExhibitionsList_exhibitionImage__2iTsF"
              src="https://dp.la/api/exhibits/files/square_thumbnails/7ba358b497a987fd2f3254346c42564d.jpg"
            />
            <div class="ExhibitionsList_exhibitionText__F40Dj">
              <h2 id="erie-canal" class="ExhibitionsList_title__ObkaM">
                Two Hundred Years on the Erie Canal
              </h2>
            </div></a
          >
        </li>
        <li>
          <a
            class=" ExhibitionsList_exhibition__HFXHq"
            href="/exhibitions/american-empire"
            ><img
              alt=""
              class="ExhibitionsList_exhibitionImage__2iTsF"
              src="https://dp.la/api/exhibits/files/square_thumbnails/0e08aeb7622e5d0086704118bd9a91e2.jpg"
            />
            <div class="ExhibitionsList_exhibitionText__F40Dj">
              <h2 id="american-empire" class="ExhibitionsList_title__ObkaM">
                American Empire
              </h2>
            </div></a
          >
        </li>
        <li>
          <a
            class=" ExhibitionsList_exhibition__HFXHq"
            href="/exhibitions/outsiders-president-elections"
            ><img
              alt=""
              class="ExhibitionsList_exhibitionImage__2iTsF"
              src="https://dp.la/api/exhibits/files/square_thumbnails/e44b5eafe2c0c049d66d51a17ab52e5b.jpg"
            />
            <div class="ExhibitionsList_exhibitionText__F40Dj">
              <h2
                id="outsiders-president-elections"
                class="ExhibitionsList_title__ObkaM"
              >
                Battle on the Ballot: Political Outsiders in US Presidential
                Elections
              </h2>
            </div></a
          >
        </li>
        <li>
          <a
            class=" ExhibitionsList_exhibition__HFXHq"
            href="/exhibitions/leo-frank"
            ><img
              alt=""
              class="ExhibitionsList_exhibitionImage__2iTsF"
              src="https://dp.la/api/exhibits/files/square_thumbnails/433bdc97197ee897bc8786f4c66a3a85.jpg"
            />
            <div class="ExhibitionsList_exhibitionText__F40Dj">
              <h2 id="leo-frank" class="ExhibitionsList_title__ObkaM">
                Tragedy in the New South: The Murder of Mary Phagan and the
                Lynching of Leo Frank
              </h2>
            </div></a
          >
        </li>
        <li>
          <a
            class=" ExhibitionsList_exhibition__HFXHq"
            href="/exhibitions/race-to-the-moon"
            ><img
              alt=""
              class="ExhibitionsList_exhibitionImage__2iTsF"
              src="https://dp.la/api/exhibits/files/square_thumbnails/8f9d4ca625e80ec795a03a759bd2545a.jpg"
            />
            <div class="ExhibitionsList_exhibitionText__F40Dj">
              <h2 id="race-to-the-moon" class="ExhibitionsList_title__ObkaM">
                Race to the Moon
              </h2>
            </div></a
          >
        </li>
        <li>
          <a
            class=" ExhibitionsList_exhibition__HFXHq"
            href="/exhibitions/patent-medicine"
            ><img
              alt=""
              class="ExhibitionsList_exhibitionImage__2iTsF"
              src="https://dp.la/api/exhibits/files/square_thumbnails/ef1286a3d0703c67b7a434f60b475825.jpg"
            />
            <div class="ExhibitionsList_exhibitionText__F40Dj">
              <h2 id="patent-medicine" class="ExhibitionsList_title__ObkaM">
                Quack Cures and Self-Remedies: Patent Medicine
              </h2>
            </div></a
          >
        </li>
        <li>
          <a
            class=" ExhibitionsList_exhibition__HFXHq"
            href="/exhibitions/urban-parks"
            ><img
              alt=""
              class="ExhibitionsList_exhibitionImage__2iTsF"
              src="https://dp.la/api/exhibits/files/square_thumbnails/014cdae55e62947eea1046ef66633b39.jpg"
            />
            <div class="ExhibitionsList_exhibitionText__F40Dj">
              <h2 id="urban-parks" class="ExhibitionsList_title__ObkaM">
                Urban Parks in the United States
              </h2>
            </div></a
          >
        </li>
        <li>
          <a
            class=" ExhibitionsList_exhibition__HFXHq"
            href="/exhibitions/history-us-public-libraries"
            ><img
              alt=""
              class="ExhibitionsList_exhibitionImage__2iTsF"
              src="https://dp.la/api/exhibits/files/square_thumbnails/ce8f64ac752518cfdc810885d532c963.jpg"
            />
            <div class="ExhibitionsList_exhibitionText__F40Dj">
              <h2
                id="history-us-public-libraries"
                class="ExhibitionsList_title__ObkaM"
              >
                A History of US Public Libraries
              </h2>
            </div></a
          >
        </li>
        <li>
          <a
            class=" ExhibitionsList_exhibition__HFXHq"
            href="/exhibitions/industries-settled-montana"
            ><img
              alt=""
              class="ExhibitionsList_exhibitionImage__2iTsF"
              src="https://dp.la/api/exhibits/files/square_thumbnails/45366ec8331e3a9dff7a18b6dc2bfbdc.jpg"
            />
            <div class="ExhibitionsList_exhibitionText__F40Dj">
              <h2
                id="industries-settled-montana"
                class="ExhibitionsList_title__ObkaM"
              >
                Boom and Bust: The Industries That Settled Montana
              </h2>
            </div></a
          >
        </li>
        <li>
          <a
            class=" ExhibitionsList_exhibition__HFXHq"
            href="/exhibitions/children-progressive-era"
            ><img
              alt=""
              class="ExhibitionsList_exhibitionImage__2iTsF"
              src="https://dp.la/api/exhibits/files/square_thumbnails/78554069b4687d2e9b3c150176f55000.jpg"
            />
            <div class="ExhibitionsList_exhibitionText__F40Dj">
              <h2
                id="children-progressive-era"
                class="ExhibitionsList_title__ObkaM"
              >
                Children in Progressive-Era America
              </h2>
            </div></a
          >
        </li>
        <li>
          <a
            class=" ExhibitionsList_exhibition__HFXHq"
            href="/exhibitions/home-front-world-war-ii"
            ><img
              alt=""
              class="ExhibitionsList_exhibitionImage__2iTsF"
              src="https://dp.la/api/exhibits/files/square_thumbnails/1961ca4bdc691d1888e26df61df2c6f2.jpg"
            />
            <div class="ExhibitionsList_exhibitionText__F40Dj">
              <h2
                id="home-front-world-war-ii"
                class="ExhibitionsList_title__ObkaM"
              >
                Georgia's Home Front: World War II
              </h2>
            </div></a
          >
        </li>
        <li>
          <a
            class=" ExhibitionsList_exhibition__HFXHq"
            href="/exhibitions/civilian-conservation-corps"
            ><img
              alt=""
              class="ExhibitionsList_exhibitionImage__2iTsF"
              src="https://dp.la/api/exhibits/files/square_thumbnails/5bee4c18562207c176c33de8656640a9.jpg"
            />
            <div class="ExhibitionsList_exhibitionText__F40Dj">
              <h2
                id="civilian-conservation-corps"
                class="ExhibitionsList_title__ObkaM"
              >
                Roosevelt's Tree Army: The Civilian Conservation Corps
              </h2>
            </div></a
          >
        </li>
        <li>
          <a
            class=" ExhibitionsList_exhibition__HFXHq"
            href="/exhibitions/tourism-mountain-west"
            ><img
              alt=""
              class="ExhibitionsList_exhibitionImage__2iTsF"
              src="https://dp.la/api/exhibits/files/square_thumbnails/2e87950add37d380587f9788f6c6e8aa.jpg"
            />
            <div class="ExhibitionsList_exhibitionText__F40Dj">
              <h2
                id="tourism-mountain-west"
                class="ExhibitionsList_title__ObkaM"
              >
                Recreational Tourism in the Mountain West
              </h2>
            </div></a
          >
        </li>
        <li>
          <a
            class=" ExhibitionsList_exhibition__HFXHq"
            href="/exhibitions/shoe-industry-massachusetts"
            ><img
              alt=""
              class="ExhibitionsList_exhibitionImage__2iTsF"
              src="https://dp.la/api/exhibits/files/square_thumbnails/3c8c20a40218a9f08e112294f0cbe0f7.jpg"
            />
            <div class="ExhibitionsList_exhibitionText__F40Dj">
              <h2
                id="shoe-industry-massachusetts"
                class="ExhibitionsList_title__ObkaM"
              >
                Best Foot Forward: The Shoe Industry in Massachusetts
              </h2>
            </div></a
          >
        </li>
        <li>
          <a
            class=" ExhibitionsList_exhibition__HFXHq"
            href="/exhibitions/america-world-war-i"
            ><img
              alt=""
              class="ExhibitionsList_exhibitionImage__2iTsF"
              src="https://dp.la/api/exhibits/files/square_thumbnails/b94b5f56cf6e05a1442a0b0b1a09b557.jpg"
            />
            <div class="ExhibitionsList_exhibitionText__F40Dj">
              <h2 id="america-world-war-i" class="ExhibitionsList_title__ObkaM">
                Patriotic Labor: America during World War I
              </h2>
            </div></a
          >
        </li>
        <li>
          <a
            class=" ExhibitionsList_exhibition__HFXHq"
            href="/exhibitions/evolution-personal-camera"
            ><img
              alt=""
              class="ExhibitionsList_exhibitionImage__2iTsF"
              src="https://dp.la/api/exhibits/files/square_thumbnails/98cdd949349b8c86a1cefee993d75188.jpg"
            />
            <div class="ExhibitionsList_exhibitionText__F40Dj">
              <h2
                id="evolution-personal-camera"
                class="ExhibitionsList_title__ObkaM"
              >
                In Focus: The Evolution of the Personal Camera
              </h2>
            </div></a
          >
        </li>
        <li>
          <a
            class=" ExhibitionsList_exhibition__HFXHq"
            href="/exhibitions/japanese-internment"
            ><img
              alt=""
              class="ExhibitionsList_exhibitionImage__2iTsF"
              src="https://dp.la/api/exhibits/files/square_thumbnails/67720cdfa1c33c62702f6131de0b26f9.jpg"
            />
            <div class="ExhibitionsList_exhibitionText__F40Dj">
              <h2 id="japanese-internment" class="ExhibitionsList_title__ObkaM">
                Prisoners at Home: Everyday Life in Japanese Internment Camps
              </h2>
            </div></a
          >
        </li>
        <li>
          <a
            class=" ExhibitionsList_exhibition__HFXHq"
            href="/exhibitions/transcontinental-railroad"
            ><img
              alt=""
              class="ExhibitionsList_exhibitionImage__2iTsF"
              src="https://dp.la/api/exhibits/files/square_thumbnails/3adfb6c3cc1215388880c61d8602ec0e.jpg"
            />
            <div class="ExhibitionsList_exhibitionText__F40Dj">
              <h2
                id="transcontinental-railroad"
                class="ExhibitionsList_title__ObkaM"
              >
                Building the First Transcontinental Railroad
              </h2>
            </div></a
          >
        </li>
        <li>
          <a
            class=" ExhibitionsList_exhibition__HFXHq"
            href="/exhibitions/1918-influenza"
            ><img
              alt=""
              class="ExhibitionsList_exhibitionImage__2iTsF"
              src="https://dp.la/api/exhibits/files/square_thumbnails/0cc3a204f084885e4f171604130ba5f2.jpg"
            />
            <div class="ExhibitionsList_exhibitionText__F40Dj">
              <h2 id="1918-influenza" class="ExhibitionsList_title__ObkaM">
                America during the 1918 Influenza Pandemic
              </h2>
            </div></a
          >
        </li>
        <li>
          <a
            class=" ExhibitionsList_exhibition__HFXHq"
            href="/exhibitions/american-aviatrixes"
            ><img
              alt=""
              class="ExhibitionsList_exhibitionImage__2iTsF"
              src="https://dp.la/api/exhibits/files/square_thumbnails/c6cbf28a0bc976243d8260783d56993a.jpg"
            />
            <div class="ExhibitionsList_exhibitionText__F40Dj">
              <h2 id="american-aviatrixes" class="ExhibitionsList_title__ObkaM">
                American Aviatrixes: Women with Wings
              </h2>
            </div></a
          >
        </li>
        <li>
          <a
            class=" ExhibitionsList_exhibition__HFXHq"
            href="/exhibitions/maps-in-american-culture"
            ><img
              alt=""
              class="ExhibitionsList_exhibitionImage__2iTsF"
              src="https://dp.la/api/exhibits/files/square_thumbnails/addbd2fda22408dcaec423dd78765299.jpg"
            />
            <div class="ExhibitionsList_exhibitionText__F40Dj">
              <h2
                id="maps-in-american-culture"
                class="ExhibitionsList_title__ObkaM"
              >
                From Colonialism to Tourism: Maps in American Culture
              </h2>
            </div></a
          >
        </li>
        <li>
          <a
            class=" ExhibitionsList_exhibition__HFXHq"
            href="/exhibitions/mapping-american-civil-war"
            ><img
              alt=""
              class="ExhibitionsList_exhibitionImage__2iTsF"
              src="https://dp.la/api/exhibits/files/square_thumbnails/9ed4b761ae99408a81608699e3288e14.jpg"
            />
            <div class="ExhibitionsList_exhibitionText__F40Dj">
              <h2
                id="mapping-american-civil-war"
                class="ExhibitionsList_title__ObkaM"
              >
                Torn in Two: Mapping the American Civil War
              </h2>
            </div></a
          >
        </li>
        <li>
          <a
            class=" ExhibitionsList_exhibition__HFXHq"
            href="/exhibitions/radio-golden-age"
            ><img
              alt=""
              class="ExhibitionsList_exhibitionImage__2iTsF"
              src="https://dp.la/api/exhibits/files/square_thumbnails/b8d1fa9b69b8a38cbadf6175aaaa9a9d.jpg"
            />
            <div class="ExhibitionsList_exhibitionText__F40Dj">
              <h2 id="radio-golden-age" class="ExhibitionsList_title__ObkaM">
                Golden Age of Radio in the US
              </h2>
            </div></a
          >
        </li>
        <li>
          <a
            class=" ExhibitionsList_exhibition__HFXHq"
            href="/exhibitions/gold-rush"
            ><img
              alt=""
              class="ExhibitionsList_exhibitionImage__2iTsF"
              src="https://dp.la/api/exhibits/files/square_thumbnails/3254eb3987fd4aca5b6044fdc16c7052.jpg"
            />
            <div class="ExhibitionsList_exhibitionText__F40Dj">
              <h2 id="gold-rush" class="ExhibitionsList_title__ObkaM">
                Staking Claims: The Gold Rush in Nineteenth-Century America
              </h2>
            </div></a
          >
        </li>
        <li>
          <a
            class=" ExhibitionsList_exhibition__HFXHq"
            href="/exhibitions/the-show"
            ><img
              alt=""
              class="ExhibitionsList_exhibitionImage__2iTsF"
              src="https://dp.la/api/exhibits/files/square_thumbnails/41886ae0023c797932096e8e853c0047.jpg"
            />
            <div class="ExhibitionsList_exhibitionText__F40Dj">
              <h2 id="the-show" class="ExhibitionsList_title__ObkaM">
                The Show Must Go On! American Theater in the Great Depression
              </h2>
            </div></a
          >
        </li>
        <li>
          <a
            class=" ExhibitionsList_exhibition__HFXHq"
            href="/exhibitions/boston-sports-temples"
            ><img
              alt=""
              class="ExhibitionsList_exhibitionImage__2iTsF"
              src="https://dp.la/api/exhibits/files/square_thumbnails/a789d1ad79792f8cd89d5e7cb435ff3c.jpg"
            />
            <div class="ExhibitionsList_exhibitionText__F40Dj">
              <h2
                id="boston-sports-temples"
                class="ExhibitionsList_title__ObkaM"
              >
                Boston Sports Temples
              </h2>
            </div></a
          >
        </li>
        <li>
          <a
            class=" ExhibitionsList_exhibition__HFXHq"
            href="/exhibitions/history-of-survivance"
            ><img
              alt=""
              class="ExhibitionsList_exhibitionImage__2iTsF"
              src="https://dp.la/api/exhibits/files/square_thumbnails/e7a1da5abaf2ae2acfc38d4004bcd592.jpg"
            />
            <div class="ExhibitionsList_exhibitionText__F40Dj">
              <h2
                id="history-of-survivance"
                class="ExhibitionsList_title__ObkaM"
              >
                History of Survivance: Upper Midwest 19th-Century Native
                American Narratives
              </h2>
            </div></a
          >
        </li>
        <li>
          <a
            class=" ExhibitionsList_exhibition__HFXHq"
            href="/exhibitions/new-deal"
            ><img
              alt=""
              class="ExhibitionsList_exhibitionImage__2iTsF"
              src="https://dp.la/api/exhibits/files/square_thumbnails/283db9a3791f23a21be538735c5882d3.jpg"
            />
            <div class="ExhibitionsList_exhibitionText__F40Dj">
              <h2 id="new-deal" class="ExhibitionsList_title__ObkaM">
                America's Great Depression and Roosevelt's New Deal
              </h2>
            </div></a
          >
        </li>
        <li>
          <a
            class=" ExhibitionsList_exhibition__HFXHq"
            href="/exhibitions/spirits"
            ><img
              alt=""
              class="ExhibitionsList_exhibitionImage__2iTsF"
              src="https://dp.la/api/exhibits/files/square_thumbnails/61d4f47b94272b61c3825231a8c27a92.jpg"
            />
            <div class="ExhibitionsList_exhibitionText__F40Dj">
              <h2 id="spirits" class="ExhibitionsList_title__ObkaM">
                Indomitable Spirits: Prohibition in the United States
              </h2>
            </div></a
          >
        </li>
        <li>
          <a
            class=" ExhibitionsList_exhibition__HFXHq"
            href="/exhibitions/activism"
            ><img
              alt=""
              class="ExhibitionsList_exhibitionImage__2iTsF"
              src="https://dp.la/api/exhibits/files/square_thumbnails/a107d31dbd93b27570f49534a6846bd6.jpg"
            />
            <div class="ExhibitionsList_exhibitionText__F40Dj">
              <h2 id="activism" class="ExhibitionsList_title__ObkaM">
                Activism in the US
              </h2>
            </div></a
          >
        </li>
        <li>
          <a
            class=" ExhibitionsList_exhibition__HFXHq"
            href="/exhibitions/this-land"
            ><img
              alt=""
              class="ExhibitionsList_exhibitionImage__2iTsF"
              src="https://dp.la/api/exhibits/files/square_thumbnails/d092b4f653125ade8403a9e2b9f9cf7a.jpg"
            />
            <div class="ExhibitionsList_exhibitionText__F40Dj">
              <h2 id="this-land" class="ExhibitionsList_title__ObkaM">
                This Land Is Your Land: Parks and Public Spaces
              </h2>
            </div></a
          >
        </li>
        <li>
          <a
            class=" ExhibitionsList_exhibition__HFXHq"
            href="/exhibitions/breadandroses"
            ><img
              alt=""
              class="ExhibitionsList_exhibitionImage__2iTsF"
              src="https://dp.la/api/exhibits/files/square_thumbnails/e7ca8ae118ef190d4e15bafb22a99844.jpg"
            />
            <div class="ExhibitionsList_exhibitionText__F40Dj">
              <h2 id="breadandroses" class="ExhibitionsList_title__ObkaM">
                Bread and Roses Strike of 1912: Two Months in Lawrence,
                Massachusetts, that Changed Labor History
              </h2>
            </div></a
          >
        </li>
      </ul>
    </div>
  </div>
</div>
`;
